(.venv) PS C:\Users\W0024618\Desktop\Trend Analysis> git status
On branch master

No commits yet

Changes to be committed:
  (use "git rm --cached <file>..." to unstage)
        new file:   backend/api_server.py
        new file:   backend/app.py
        new file:   backend/config.py
        new file:   backend/duration_report.py
        new file:   backend/emea_pin.py
        new file:   backend/logic.py
        new file:   backend/ml_training.py
        new file:   backend/trend_runner.py

Changes not staged for commit:
  (use "git add <file>..." to update what will be committed)
  (use "git restore <file>..." to discard changes in working directory)
        modified:   backend/app.py
        modified:   backend/trend_runner.py

Untracked files:
  (use "git add <file>..." to include in what will be committed)
        .gitignore
        Trend-Analysis/
        backend/scripts/
        frontend/


(.venv) PS C:\Users\W0024618\Desktop\Trend Analysis> ls


    Directory: C:\Users\W0024618\Desktop\Trend Analysis


Mode                 LastWriteTime         Length Name
----                 -------------         ------ ----
d-----        05-12-2025     10:20                backend
d-----        29-11-2025     09:09                frontend
d-----        29-11-2025     08:58                reports
-a----        05-12-2025     11:20            557 .gitignore
-a----        27-10-2025     13:12              0 current_analysis.csv


(.venv) PS C:\Users\W0024618\Desktop\Trend Analysis> git init
Reinitialized existing Git repository in C:/Users/W0024618/Desktop/Trend Analysis/.git/
(.venv) PS C:\Users\W0024618\Desktop\Trend Analysis> git branch -M main
(.venv) PS C:\Users\W0024618\Desktop\Trend Analysis> git config --global init.defaultBranch main
(.venv) PS C:\Users\W0024618\Desktop\Trend Analysis> git commit -m "chore: add .gitignore"
[main (root-commit) f32ab16] chore: add .gitignore
 8 files changed, 8410 insertions(+)
 create mode 100644 backend/api_server.py
 create mode 100644 backend/app.py
 create mode 100644 backend/config.py
 create mode 100644 backend/duration_report.py
 create mode 100644 backend/emea_pin.py
 create mode 100644 backend/logic.py
 create mode 100644 backend/ml_training.py
 create mode 100644 backend/trend_runner.py
(.venv) PS C:\Users\W0024618\Desktop\Trend Analysis> git add .
(.venv) PS C:\Users\W0024618\Desktop\Trend Analysis> git status  
On branch main
Changes to be committed:
  (use "git restore --staged <file>..." to unstage)
        new file:   .gitignore
        modified:   backend/app.py
        new file:   backend/scripts/build_90day_training.py
        new file:   backend/scripts/generate_90_days.py
        new file:   backend/scripts/train_all_models.py
        modified:   backend/trend_runner.py
        new file:   frontend/emea_pin.html
        new file:   frontend/index.html
        new file:   frontend/style.css

(.venv) PS C:\Users\W0024618\Desktop\Trend Analysis> git commit -m "chore: initial import of Trend Analysis project"
[main df6901b] chore: initial import of Trend Analysis project
 9 files changed, 7264 insertions(+), 2128 deletions(-)
 create mode 100644 .gitignore
 create mode 100644 backend/scripts/build_90day_training.py
 create mode 100644 backend/scripts/generate_90_days.py
 create mode 100644 backend/scripts/train_all_models.py
 create mode 100644 frontend/emea_pin.html
 create mode 100644 frontend/index.html
 create mode 100644 frontend/style.css
(.venv) PS C:\Users\W0024618\Desktop\Trend Analysis> git config user.name "Swapnil Diwate"
(.venv) PS C:\Users\W0024618\Desktop\Trend Analysis> git config user.email "Swapnil.Diwate@westernunion.com"
(.venv) PS C:\Users\W0024618\Desktop\Trend Analysis> git remote add origin https://github.com/<Swapnil Diwate>/trend-analysis.git  
usage: git remote add [<options>] <name> <url>

    -f, --[no-]fetch      fetch the remote branches
    --[no-]tags           import all tags and associated objects when fetching
                          or do not fetch any tag at all (--no-tags)
    -t, --[no-]track <branch>
                          branch(es) to track
    -m, --[no-]master <branch>
                          master branch
    --[no-]mirror[=(push|fetch)]
                          set up remote as a mirror to push to or fetch from

(.venv) PS C:\Users\W0024618\Desktop\Trend Analysis> 






I Have run above cmd in project Directory now i want to pull all files 
C:\Users\W0024618\Desktop\Trend Analysis\backend
C:\Users\W0024618\Desktop\Trend Analysis\frontend
all files on github so other can easily access this file 


Github details 

https://github.com/W0024618/Trend-Analysis

I have create here one repo
then how i add this file on github


# HTTPS example
git remote add origin https://github.com/<your-gh-username>/trend-analysis.git

# push to set upstream
git push -u origin main






ssh-keygen -t ed25519 -C "Swapnil.Diwate@westernunion.com"
# show key, then copy contents and add to GitHub > Settings > SSH and GPG keys
cat ~/.ssh/id_ed25519.pub





git remote set-url origin git@github.com:<your-gh-username>/trend-analysis.git
git push -u origin main



git status
git branch -a
git remote -v
git log --oneline --decorate --graph -n 10
git config --list        # shows your current git config






