Windows PowerShell
Copyright (C) Microsoft Corporation. All rights reserved.

Install the latest PowerShell for new features and improvements! https://aka.ms/PSWindows

PS C:\Users\W0024618> mkdir C:\projects\yolo_project


    Directory: C:\projects


Mode                 LastWriteTime         Length Name
----                 -------------         ------ ----
d-----        22-10-2025     19:31                yolo_project


PS C:\Users\W0024618> cd C:\projects\yolo_project
PS C:\projects\yolo_project> python --version
Python 3.13.5
PS C:\projects\yolo_project> pip --version
pip 25.1.1 from C:\Program Files\Python313\Lib\site-packages\pip (python 3.13)
PS C:\projects\yolo_project> git --version
git version 2.51.0.windows.1
PS C:\projects\yolo_project> python -m venv .venv
PS C:\projects\yolo_project> .\.venv\Scripts\Activate.ps1
(.venv) PS C:\projects\yolo_project> nvcc --version
nvcc : The term 'nvcc' is not recognized as the name of a cmdlet, function, script file, or operable program. Check
the spelling of the name, or if a path was included, verify that the path is correct and try again.
At line:1 char:1
+ nvcc --version
+ ~~~~
    + CategoryInfo          : ObjectNotFound: (nvcc:String) [], CommandNotFoundException
    + FullyQualifiedErrorId : CommandNotFoundException

(.venv) PS C:\projects\yolo_project> conda install cuda -c nvidia
conda : The term 'conda' is not recognized as the name of a cmdlet, function, script file, or operable program. Check
the spelling of the name, or if a path was included, verify that the path is correct and try again.
At line:1 char:1
+ conda install cuda -c nvidia
+ ~~~~~
    + CategoryInfo          : ObjectNotFound: (conda:String) [], CommandNotFoundException
    + FullyQualifiedErrorId : CommandNotFoundException

(.venv) PS C:\projects\yolo_project> conda install cuda -c nvidia --force
conda : The term 'conda' is not recognized as the name of a cmdlet, function, script file, or operable program. Check
the spelling of the name, or if a path was included, verify that the path is correct and try again.
At line:1 char:1
+ conda install cuda -c nvidia --force
+ ~~~~~
    + CategoryInfo          : ObjectNotFound: (conda:String) [], CommandNotFoundException
    + FullyQualifiedErrorId : CommandNotFoundException

(.venv) PS C:\projects\yolo_project>





Here i stuck now go step by step again
