When i run commnad as per your suggestion we got below details  on server


PS D:\Email Automation\backend-arun> grep -E "Failed to obtain access token|Error obtaining access token|Error fet
ching inbox emails" -n log_file.log || tail -n 200 log_file.log
>>
At line:1 char:114
+ ...  access token|Error fetching inbox emails" -n log_file.log || tail -n ...
+                                                                ~~
The token '||' is not a valid statement separator in this version.
    + CategoryInfo          : ParserError: (:) [], ParentContainsErrorRecordException
    + FullyQualifiedErrorId : InvalidEndOfLine
 
PS D:\Email Automation\backend-arun> nslookup graph.microsoft.com
>> curl -v https://graph.microsoft.com/ --max-time 10
>>
Server:  APLWUPNQ2270V.wuintranet.net
Address:  10.199.22.212

Non-authoritative answer:
Name:    www.tm.prd.ags.akadns.net
Addresses:  2603:1047:1:88::80
          2603:1047:1:98::80
          2603:1046:2000:90::80
          20.190.175.24
          20.190.175.88
          20.190.175.152
Aliases:  graph.microsoft.com
          ags.privatelink.msidentity.com

Invoke-WebRequest : A positional parameter cannot be found that accepts argument '--max-time'.
At line:2 char:1
+ curl -v https://graph.microsoft.com/ --max-time 10
+ ~~~~~~~~~~~~~~~~~~~~~~~~~~~~~~~~~~~~~~~~~~~~~~~~~~
    + CategoryInfo          : InvalidArgument: (:) [Invoke-WebRequest], ParameterBindingException
    + FullyQualifiedErrorId : PositionalParameterNotFound,Microsoft.PowerShell.Commands.InvokeWebRequestCommand
 
PS D:\Email Automation\backend-arun> openssl s_client -connect graph.microsoft.com:443 -servername graph.microsoft
.com </dev/null 2>/dev/null | openssl x509 -noout -subject -issuer -dates
>>
At line:1 char:83
+ ... ect graph.microsoft.com:443 -servername graph.microsoft.com </dev/nul ...
+                                                                 ~
The '<' operator is reserved for future use.
    + CategoryInfo          : ParserError: (:) [], ParentContainsErrorRecordException
    + FullyQualifiedErrorId : RedirectionNotSupported
 
PS D:\Email Automation\backend-arun> curl -v -X POST \
>>   -d "client_id=YOUR_CLIENT_ID" \
>>   -d "scope=https://graph.microsoft.com/.default" \
>>   -d "client_secret=YOUR_CLIENT_SECRET" \
>>   -d "grant_type=client_credentials" \
>>   "https://login.microsoftonline.com/YOUR_TENANT_ID/oauth2/v2.0/token"
>>
Invoke-WebRequest : A parameter cannot be found that matches parameter name 'X'.
At line:1 char:9
+ curl -v -X POST \
+         ~~
    + CategoryInfo          : InvalidArgument: (:) [Invoke-WebRequest], ParameterBindingException
    + FullyQualifiedErrorId : NamedParameterNotFound,Microsoft.PowerShell.Commands.InvokeWebRequestCommand
 
-d : The term '-d' is not recognized as the name of a cmdlet, function, script file, or operable program. Check 
the spelling of the name, or if a path was included, verify that the path is correct and try again.
At line:2 char:3
+   -d "client_id=YOUR_CLIENT_ID" \
+   ~~
    + CategoryInfo          : ObjectNotFound: (-d:String) [], CommandNotFoundException
    + FullyQualifiedErrorId : CommandNotFoundException
 
-d : The term '-d' is not recognized as the name of a cmdlet, function, script file, or operable program. Check 
the spelling of the name, or if a path was included, verify that the path is correct and try again.
At line:3 char:3
+   -d "scope=https://graph.microsoft.com/.default" \
+   ~~
    + CategoryInfo          : ObjectNotFound: (-d:String) [], CommandNotFoundException
    + FullyQualifiedErrorId : CommandNotFoundException
 
-d : The term '-d' is not recognized as the name of a cmdlet, function, script file, or operable program. Check 
the spelling of the name, or if a path was included, verify that the path is correct and try again.
At line:4 char:3
+   -d "client_secret=YOUR_CLIENT_SECRET" \
+   ~~
    + CategoryInfo          : ObjectNotFound: (-d:String) [], CommandNotFoundException
    + FullyQualifiedErrorId : CommandNotFoundException
 
-d : The term '-d' is not recognized as the name of a cmdlet, function, script file, or operable program. Check 
the spelling of the name, or if a path was included, verify that the path is correct and try again.
At line:5 char:3
+   -d "grant_type=client_credentials" \
+   ~~
    + CategoryInfo          : ObjectNotFound: (-d:String) [], CommandNotFoundException
    + FullyQualifiedErrorId : CommandNotFoundException
 
https://login.microsoftonline.com/YOUR_TENANT_ID/oauth2/v2.0/token
PS D:\Email Automation\backend-arun> # If your process runs systemd or similar, check environment for the process
>> # Simpler: print the file the app reads
>> cat /path/to/email-Dashboard/backend/.env
cat : Cannot find path 'D:\path\to\email-Dashboard\backend\.env' because it does not exist.
At line:3 char:1
+ cat /path/to/email-Dashboard/backend/.env
+ ~~~~~~~~~~~~~~~~~~~~~~~~~~~~~~~~~~~~~~~~~
    + CategoryInfo          : ObjectNotFound: (D:\path\to\email-Dashboard\backend\.env:String) [Get-Content], It 
   emNotFoundException
    + FullyQualifiedErrorId : PathNotFound,Microsoft.PowerShell.Commands.GetContentCommand
 
PS D:\Email Automation\backend-arun> env | grep -E "CLIENT_ID|CLIENT_SECRET|TENANT_ID|PRIMARY_EMAIL|TEST_EMAIL|API
_KEYS"
>>
env : The term 'env' is not recognized as the name of a cmdlet, function, script file, or operable program. 
Check the spelling of the name, or if a path was included, verify that the path is correct and try again.
At line:1 char:1
+ env | grep -E "CLIENT_ID|CLIENT_SECRET|TENANT_ID|PRIMARY_EMAIL|TEST_E ...
+ ~~~
    + CategoryInfo          : ObjectNotFound: (env:String) [], CommandNotFoundException
    + FullyQualifiedErrorId : CommandNotFoundException
 
PS D:\Email Automation\backend-arun> date -u
>>
Get-Date : Missing an argument for parameter 'UFormat'. Specify a parameter of type 'System.String' and try 
again.
At line:1 char:6
+ date -u
+      ~~
    + CategoryInfo          : InvalidArgument: (:) [Get-Date], ParameterBindingException
    + FullyQualifiedErrorId : MissingArgument,Microsoft.PowerShell.Commands.GetDateCommand
 
PS D:\Email Automation\backend-arun>
