git status
git branch -vv
git remote -v
git log --oneline --decorate --graph -n 10











PS C:\Users\W0024618\Desktop\Trend Analysis> & "C:/Users/W0024618/Desktop/Trend Analysis/backend/.venv/Scripts/Activate.ps1"
(.venv) PS C:\Users\W0024618\Desktop\Trend Analysis> git status
On branch main
All conflicts fixed but you are still merging.
  (use "git commit" to conclude merge)

Changes to be committed:
        new file:   README.md

(.venv) PS C:\Users\W0024618\Desktop\Trend Analysis> git push -u origin main
To https://github.com/W0024618/Trend-Analysis.git
 ! [rejected]        main -> main (non-fast-forward)
error: failed to push some refs to 'https://github.com/W0024618/Trend-Analysis.git'
hint: Updates were rejected because the tip of your current branch is behind
hint: its remote counterpart. If you want to integrate the remote changes,
hint: use 'git pull' before pushing again.
hint: See the 'Note about fast-forwards' in 'git push --help' for details.
(.venv) PS C:\Users\W0024618\Desktop\Trend Analysis> cd "C:\Users\W0024618\Desktop\Trend Analysis"
(.venv) PS C:\Users\W0024618\Desktop\Trend Analysis> git status
On branch main
All conflicts fixed but you are still merging.
  (use "git commit" to conclude merge)

Changes to be committed:
        new file:   README.md

(.venv) PS C:\Users\W0024618\Desktop\Trend Analysis> git branch -vv
* main df6901b chore: initial import of Trend Analysis project
(.venv) PS C:\Users\W0024618\Desktop\Trend Analysis> git remote -v
>>
origin  https://github.com/W0024618/Trend-Analysis.git (fetch)
origin  https://github.com/W0024618/Trend-Analysis.git (push)
(.venv) PS C:\Users\W0024618\Desktop\Trend Analysis> git fetch origin
>>
(.venv) PS C:\Users\W0024618\Desktop\Trend Analysis> git log --oneline --decorate --graph --all -n 20
* df6901b (HEAD -> main) chore: initial import of Trend Analysis project
* f32ab16 chore: add .gitignore
* 95cd920 (origin/main, origin/HEAD) Initial commit
(.venv) PS C:\Users\W0024618\Desktop\Trend Analysis> git commit --no-edit
[main 94a018b] Merge branch 'main' of https://github.com/W0024618/Trend-Analysis # Please enter a commit message to explain why this merge is necessary, # especially if it merges an updated upstream into a topic branch. # # Lines starting with '#' will be ignored, and an empty message aborts # the commit.
(.venv) PS C:\Users\W0024618\Desktop\Trend Analysis> git status
On branch main
nothing to commit, working tree clean
(.venv) PS C:\Users\W0024618\Desktop\Trend Analysis> git log --oneline --decorate --graph -n 5
>>
*   94a018b (HEAD -> main) Merge branch 'main' of https://github.com/W0024618/Trend-Analysis # Please enter a commit message to explain why this merge is necessary, # especially if it merges an updated upstream into a topic br
anch. # # Lines starting with '#' will be ignored, and an empty message aborts # the commit.
|\
| * 95cd920 (origin/main, origin/HEAD) Initial commit
* df6901b chore: initial import of Trend Analysis project
* f32ab16 chore: add .gitignore
(.venv) PS C:\Users\W0024618\Desktop\Trend Analysis> git push -u origin main
>>
Enumerating objects: 28, done.
Counting objects: 100% (28/28), done.
Delta compression using up to 8 threads
Compressing objects: 100% (26/26), done.
Writing objects: 100% (27/27), 145.22 KiB | 394.00 KiB/s, done.
Total 27 (delta 4), reused 0 (delta 0), pack-reused 0 (from 0)
remote: Resolving deltas: 100% (4/4), done.
To https://github.com/W0024618/Trend-Analysis.git
   95cd920..94a018b  main -> main
branch 'main' set up to track 'origin/main'.
(.venv) PS C:\Users\W0024618\Desktop\Trend Analysis> 


Now in Githiub display Trend Analysis 
frontend 
backend file Successfully
