# files larger than 100 MB
Get-ChildItem -Recurse -File | Where-Object { $_.Length -gt 100MB } |
  Select-Object FullName,@{Name='SizeMB';Expression={[math]::Round($_.Length/1MB,2)}} |
  Sort-Object -Property SizeMB -Descending

# files larger than 10 MB
Get-ChildItem -Recurse -File | Where-Object { $_.Length -gt 10MB } |
  Select-Object FullName,@{Name='SizeMB';Expression={[math]::Round($_.Length/1MB,2)}} |
  Sort-Object -Property SizeMB -Descending













PS C:\Users\W0024618\Desktop\global-page> find . -type f -size +100M -exec ls -lh {} \;
FIND: Parameter format not correct
PS C:\Users\W0024618\Desktop\global-page> find . -type f -size +10M -exec ls -lh {} \;
FIND: Parameter format not correct
PS C:\Users\W0024618\Desktop\global-page> git lfs install
Updated Git hooks.
Git LFS initialized.
PS C:\Users\W0024618\Desktop\global-page> git lfs track "*.jpg" "*.jpeg" "*.png" "*.svg" "*.zip"
Tracking "*.jpg"
Tracking "*.jpeg"
Tracking "*.png"
Tracking "*.svg"
Tracking "*.zip"
Error marking "backend/attendance-analytics.zip" modified: chtimes backend/attendance-analytics.zip: The system cannot find the file specified.

Errors logged to 'C:\Users\W0024618\Desktop\global-page\.git\lfs\logs\20251210T100528.2009841.log'.
Use `git lfs logs last` to view the log.
PS C:\Users\W0024618\Desktop\global-page> git add .gitattributes
PS C:\Users\W0024618\Desktop\global-page> git commit -m "Track large files with Git LFS"
[main 7f3a496] Track large files with Git LFS
 1 file changed, 5 insertions(+)
 create mode 100644 .gitattributes
PS C:\Users\W0024618\Desktop\global-page> git lfs migrate import --include="*.jpg,*.jpeg,*.png,*.svg,*.zip"
override changes in your working copy?  All uncommitted changes will be lost! [y/N] 
working copy must not be dirty
PS C:\Users\W0024618\Desktop\global-page> git remote set-url origin https://github.com/W0024618/global-page.git
PS C:\Users\W0024618\Desktop\global-page> git push --force origin main
Enumerating objects: 2175, done.
Counting objects: 100% (2175/2175), done.
Delta compression using up to 8 threads
Compressing objects: 100% (2165/2165), done.
Writing objects: 100% (2175/2175), 690.83 MiB | 2.01 MiB/s, done.
Total 2175 (delta 1425), reused 0 (delta 0), pack-reused 0 (from 0)
remote: Resolving deltas: 100% (1425/1425), done.
remote: warning: File backend/attendance-analytics/output/duration_cache/duration_cache_84b0ef300e386a6b9803a91a458032018def03028c88e9b619409741edd5cdf0.json is 59.31 MB; this is larger than GitHub's recommended maximum file size of 50.00 MB
remote: warning: File backend/attendance-analytics/output/duration_cache/duration_cache_14f602c9704946b36df1bae3f9d4134912b49d899aa4a4577e73c24d3903c982.json is 84.36 MB; this is larger than GitHub's recommended maximum file size of 50.00 MB
remote: warning: File backend/attendance-analytics/output/duration_cache/duration_cache_6e7d02993f9de64d3e33537fdb0a175362b00d6bb4eea1868053d68c21283aef.json is 79.36 MB; this is larger than GitHub's recommended maximum file size of 50.00 MB
remote: warning: File backend/attendance-analytics/output/duration_cache/duration_cache_f36022d47906b4bc2ca89b9d1ecab5a81fa70f6723f50539e8ce255cea1a9ff9.json is 76.76 MB; this is larger than GitHub's recommended maximum file size of 50.00 MB
remote: warning: File backend/attendance-analytics/output/duration_cache/duration_cache_1b0134dc19b6cd930210e05a0dbacf3ea22658f5b224246788e0959147d44efb.json is 63.12 MB; this is larger than GitHub's recommended maximum file size of 50.00 MB
remote: warning: File backend/attendance-analytics/output/duration_cache/duration_cache_91c5336bb9a580c1b164af506d9e00e2a1805302ef6b7c700ecb05c9ac6778ae.json is 54.90 MB; this is larger than GitHub's recommended maximum file size of 50.00 MB
remote: warning: File backend/attendance-analytics/output/duration_cache/duration_cache_34bbc8c27cd8d133062867c6e50b14e20814b0a5ebed3b99d4fe403a7f94e2c2.json is 54.18 MB; this is larger than GitHub's recommended maximum file size of 50.00 MB
remote: error: Trace: ba743cfb217b368c8bb41f12f1e0f98d041a0f4ff08d26b1e72fbc7e071da27d
remote: error: See https://gh.io/lfs for more information.
remote: error: File backend/attendance-analytics/output/duration_cache/duration_cache_de4212afade35a6094f7227b73abf8e237b469423007315abf626866a61ba1e1.json is 191.38 MB; this exceeds GitHub's file size limit of 100.00 MB
remote: error: File backend/attendance-analytics.zip is 260.44 MB; this exceeds GitHub's file size limit of 100.00 MB
remote: error: File backend/attendance-analytics/output/duration_cache/duration_cache_318536fec9555c33bf0b69f658ada0d0b9676087ec65415be75afaab319e2cd9.json is 478.35 MB; this exceeds GitHub's file size limit of 100.00 MB
remote: error: File backend/attendance-analytics/output/duration_cache/duration_cache_33c6e9b7074ab8bf92c9a9f3c0887a415e9510134288d9ce6d177a2e5325455b.json is 736.41 MB; this exceeds GitHub's file size limit of 100.00 MB
remote: error: File backend/attendance-analytics/output/duration_cache/duration_cache_f6d5b1f5a8f8aa658c45e9f7ac942f28cea85ebd4636b0a04b46eb35d19f6c3d.json is 565.89 MB; this exceeds GitHub's file size limit of 100.00 MB
remote: error: File backend/attendance-analytics/output/duration_cache/duration_cache_dee594e7126021751b5d08233e6f1cc4ea176902f02fe8ad5feb1d61dabb02a9.json is 269.00 MB; this exceeds GitHub's file size limit of 100.00 MB
remote: error: File backend/attendance-analytics/output/duration_cache/duration_cache_116020bcf157904ffa1c2f9a26a97bc98c0bff9189a153835deceaa5f3ca4c7c.json is 163.67 MB; this exceeds GitHub's file size limit of 100.00 MB
remote: error: File backend/attendance-analytics/output/duration_cache/duration_cache_ed77d6a8581d1fb60c566abada9947ebde98dc4533fb74569e23fd41be20cca5.json is 251.60 MB; this exceeds GitHub's file size limit of 100.00 MB
remote: error: File backend/attendance-analytics/output/duration_cache/duration_cache_8f90b8f747903b0f20c3505e06dcac33744421347c76c8e8770925ec91e9eac3.json is 115.00 MB; this exceeds GitHub's file size limit of 100.00 MB
remote: error: File backend/attendance-analytics/output/duration_cache/duration_cache_a8910c19577b2210bfeafac04ec2a0b5dbfc879b27f293ea30c10b8cf37ff236.json is 274.65 MB; this exceeds GitHub's file size limit of 100.00 MB
remote: error: File backend/attendance-analytics/output/duration_cache/duration_cache_a293f253815941bedf1bf6f215110cdb66108e9778b244c7000996daf281b763.json is 265.36 MB; this exceeds GitHub's file size limit of 100.00 MB
remote: error: GH001: Large files detected. You may want to try Git Large File Storage - https://git-lfs.github.com.
To https://github.com/W0024618/global-page.git
 ! [remote rejected] main -> main (pre-receive hook declined)
error: failed to push some refs to 'https://github.com/W0024618/global-page.git'
PS C:\Users\W0024618\Desktop\global-page> 
