# absolute Windows path (Git Bash style)
cd /c/Users/W0024618/Desktop/Trend\ Analysis

# or using double quotes (easier)
cd "/c/Users/W0024618/Desktop/Trend Analysis"

# or if you are in your home and Desktop exists there
cd ~/desktop/"Trend Analysis"











Now help me for Git bash setup

iff.astextplain.textconv=astextplain
filter.lfs.clean=git-lfs clean -- %f
filter.lfs.smudge=git-lfs smudge -- %f
filter.lfs.process=git-lfs filter-process
filter.lfs.required=true
http.sslbackend=schannel
core.autocrlf=true
core.fscache=true
core.symlinks=false
pull.rebase=false
credential.helper=manager
credential.https://dev.azure.com.usehttppath=true
init.defaultbranch=master
gui.recentrepo=C:/Users/W0024618/Desktop/global-page
gui.recentrepo=C:/Users/W0024618/Desktop/Trend Analysis
user.name=Swapnil Diwate
user.email=Swapnil.Diwate@westernunion.com

W0024618@WKSPUN-516719 MINGW64 ~
$ wq
bash: wq: command not found

W0024618@WKSPUN-516719 MINGW64 ~
$ cd Trend Analysis
bash: cd: too many arguments
cd
W0024618@WKSPUN-516719 MINGW64 ~
$ trend-analysis
bash: trend-analysis: command not found

W0024618@WKSPUN-516719 MINGW64 ~
$ cd desktop
cd
W0024618@WKSPUN-516719 MINGW64 ~/desktop
$ Trend Analysis
bash: Trend: command not found

W0024618@WKSPUN-516719 MINGW64 ~/desktop
$ cd Trend Analysis
bash: cd: too many arguments

W0024618@WKSPUN-516719 MINGW64 ~/desktop
$ git status
fatal: not a git repository (or any of the parent directories): .git

W0024618@WKSPUN-516719 MINGW64 ~/desktop
$ ^C

W0024618@WKSPUN-516719 MINGW64 ~/desktop
